[dotenv@17.2.3] injecting env (1) from .env -- tip: 🛠️  run anywhere with `dotenvx run -- yourcommand`
🚀 Starting Isolation Test...
... Converting PDF to Images
[pdfToImages] Starting conversion of "index.pdf" using native pdftoppm...
[pdfToImages] Executing: /opt/homebrew/bin/pdftoppm -png -r 200 index.pdf temp_frames/index
[pdfToImages] Finished conversion in 154ms
📸 Testing with Page 1: temp_frames/index-1.png
🧠 Sending to Gemini 3.0 (gemini-3-pro-preview)...
... Waiting for Gemini to Think (This may take 30-60s) ...
GeminiResponse: 29.703s
❌ API ERROR: Cannot read properties of undefined (reading 'candidates')
